--------------------------------------------------------------------------------
Release 14.7 Trace  (nt)
Copyright (c) 1995-2013 Xilinx, Inc.  All rights reserved.

C:\Xilinx\14.7\ISE_DS\ISE\bin\nt\unwrapped\trce.exe -intstyle ise -v 3 -s 3 -n
3 -fastpaths -xml optohybrid_top.twx optohybrid_top.ncd -o optohybrid_top.twr
optohybrid_top.pcf

Design file:              optohybrid_top.ncd
Physical constraint file: optohybrid_top.pcf
Device,package,speed:     xc6slx150t,fgg676,C,-3 (PRODUCTION 1.23 2013-10-13)
Report level:             verbose report

Environment Variable      Effect 
--------------------      ------ 
NONE                      No environment variables were set
--------------------------------------------------------------------------------

INFO:Timing:3386 - Intersecting Constraints found and resolved.  For more 
   information, see the TSI report.  Please consult the Xilinx Command Line 
   Tools User Guide for information on generating a TSI report.
INFO:Timing:3412 - To improve timing, see the Timing Closure User Guide (UG612).
INFO:Timing:2752 - To get complete path coverage, use the unconstrained paths 
   option. All paths that are not constrained will be reported in the 
   unconstrained paths section(s) of the report.
INFO:Timing:3339 - The clock-to-out numbers in this timing report are based on 
   a 50 Ohm transmission line loading model.  For the details of this model, 
   and for more information on accounting for different loading conditions, 
   please see the device datasheet.

================================================================================
Timing constraint: TS_fpga_clk = PERIOD TIMEGRP "fpga_clk" 20 ns HIGH 50%;
For more information, see Period Analysis in the Timing Closure User Guide (UG612).

 0 paths analyzed, 0 endpoints analyzed, 0 failing endpoints
 0 timing errors detected. (0 component switching limit errors)
 Minimum period is   5.000ns.
--------------------------------------------------------------------------------

Component Switching Limit Checks: TS_fpga_clk = PERIOD TIMEGRP "fpga_clk" 20 ns HIGH 50%;
--------------------------------------------------------------------------------
Slack: 15.000ns (period - (min low pulse limit / (low pulse / period)))
  Period: 20.000ns
  Low pulse: 10.000ns
  Low pulse limit: 2.500ns (Tdcmpw_CLKIN_50_100)
  Physical resource: fpga_clk_pll_inst/pll_base_inst/PLL_ADV/CLKIN1
  Logical resource: fpga_clk_pll_inst/pll_base_inst/PLL_ADV/CLKIN1
  Location pin: PLL_ADV_X0Y5.CLKIN2
  Clock network: fpga_clk_pll_inst/clkin1
--------------------------------------------------------------------------------
Slack: 15.000ns (period - (min high pulse limit / (high pulse / period)))
  Period: 20.000ns
  High pulse: 10.000ns
  High pulse limit: 2.500ns (Tdcmpw_CLKIN_50_100)
  Physical resource: fpga_clk_pll_inst/pll_base_inst/PLL_ADV/CLKIN1
  Logical resource: fpga_clk_pll_inst/pll_base_inst/PLL_ADV/CLKIN1
  Location pin: PLL_ADV_X0Y5.CLKIN2
  Clock network: fpga_clk_pll_inst/clkin1
--------------------------------------------------------------------------------
Slack: 18.148ns (period - min period limit)
  Period: 20.000ns
  Min period limit: 1.852ns (539.957MHz) (Tpllper_CLKIN(Finmax))
  Physical resource: fpga_clk_pll_inst/pll_base_inst/PLL_ADV/CLKIN1
  Logical resource: fpga_clk_pll_inst/pll_base_inst/PLL_ADV/CLKIN1
  Location pin: PLL_ADV_X0Y5.CLKIN2
  Clock network: fpga_clk_pll_inst/clkin1
--------------------------------------------------------------------------------

================================================================================
Timing constraint: TS_clk40MHz = PERIOD TIMEGRP "clk40MHz" 25 ns HIGH 50%;
For more information, see Period Analysis in the Timing Closure User Guide (UG612).

 0 paths analyzed, 0 endpoints analyzed, 0 failing endpoints
 0 timing errors detected. (0 component switching limit errors)
 Minimum period is   3.124ns.
--------------------------------------------------------------------------------

Component Switching Limit Checks: TS_clk40MHz = PERIOD TIMEGRP "clk40MHz" 25 ns HIGH 50%;
--------------------------------------------------------------------------------
Slack: 21.876ns (period - min period limit)
  Period: 25.000ns
  Min period limit: 3.124ns (320.102MHz) (Trper_CLKA(Fmax))
  Physical resource: link_tracking_1_inst/tracking_core_inst/tracking_buffer_fifo/U0/xst_fifo_generator/gconvfifo.rf/grf.rf/gntv_or_sync_fifo.mem/gbm.gbmg.gbmga.ngecc.bmg/gnativebmg.native_blk_mem_gen/valid.cstr/ramloop[5].ram.r/s6_noinit.ram/SDP.WIDE_PRIM9.ram/CLKAWRCLK
  Logical resource: link_tracking_1_inst/tracking_core_inst/tracking_buffer_fifo/U0/xst_fifo_generator/gconvfifo.rf/grf.rf/gntv_or_sync_fifo.mem/gbm.gbmg.gbmga.ngecc.bmg/gnativebmg.native_blk_mem_gen/valid.cstr/ramloop[5].ram.r/s6_noinit.ram/SDP.WIDE_PRIM9.ram/CLKAWRCLK
  Location pin: RAMB8_X3Y34.CLKAWRCLK
  Clock network: vfat2_clk
--------------------------------------------------------------------------------
Slack: 21.876ns (period - min period limit)
  Period: 25.000ns
  Min period limit: 3.124ns (320.102MHz) (Trper_CLKA(Fmax))
  Physical resource: link_tracking_1_inst/tracking_core_inst/tracking_buffer_fifo/U0/xst_fifo_generator/gconvfifo.rf/grf.rf/gntv_or_sync_fifo.mem/gbm.gbmg.gbmga.ngecc.bmg/gnativebmg.native_blk_mem_gen/valid.cstr/ramloop[4].ram.r/s6_noinit.ram/SDP.WIDE_PRIM9.ram/CLKAWRCLK
  Logical resource: link_tracking_1_inst/tracking_core_inst/tracking_buffer_fifo/U0/xst_fifo_generator/gconvfifo.rf/grf.rf/gntv_or_sync_fifo.mem/gbm.gbmg.gbmga.ngecc.bmg/gnativebmg.native_blk_mem_gen/valid.cstr/ramloop[4].ram.r/s6_noinit.ram/SDP.WIDE_PRIM9.ram/CLKAWRCLK
  Location pin: RAMB8_X3Y32.CLKAWRCLK
  Clock network: vfat2_clk
--------------------------------------------------------------------------------
Slack: 21.876ns (period - min period limit)
  Period: 25.000ns
  Min period limit: 3.124ns (320.102MHz) (Trper_CLKA(Fmax))
  Physical resource: link_tracking_1_inst/tracking_core_inst/tracking_buffer_fifo/U0/xst_fifo_generator/gconvfifo.rf/grf.rf/gntv_or_sync_fifo.mem/gbm.gbmg.gbmga.ngecc.bmg/gnativebmg.native_blk_mem_gen/valid.cstr/ramloop[3].ram.r/s6_noinit.ram/SDP.WIDE_PRIM9.ram/CLKAWRCLK
  Logical resource: link_tracking_1_inst/tracking_core_inst/tracking_buffer_fifo/U0/xst_fifo_generator/gconvfifo.rf/grf.rf/gntv_or_sync_fifo.mem/gbm.gbmg.gbmga.ngecc.bmg/gnativebmg.native_blk_mem_gen/valid.cstr/ramloop[3].ram.r/s6_noinit.ram/SDP.WIDE_PRIM9.ram/CLKAWRCLK
  Location pin: RAMB8_X3Y38.CLKAWRCLK
  Clock network: vfat2_clk
--------------------------------------------------------------------------------

================================================================================
Timing constraint: TS_gtp_userclk00 = PERIOD TIMEGRP "gtp_userclk00" 3.125 ns 
HIGH 50%;
For more information, see Period Analysis in the Timing Closure User Guide (UG612).

 0 paths analyzed, 0 endpoints analyzed, 0 failing endpoints
 0 timing errors detected. (0 component switching limit errors)
 Minimum period is   3.125ns.
--------------------------------------------------------------------------------

Component Switching Limit Checks: TS_gtp_userclk00 = PERIOD TIMEGRP "gtp_userclk00" 3.125 ns HIGH 50%;
--------------------------------------------------------------------------------
Slack: 0.000ns (period - min period limit)
  Period: 3.125ns
  Min period limit: 3.125ns (320.000MHz) (Tgtpcper_RXUSRCLK)
  Physical resource: gtp_wrapper_inst/gtp_inst/tile0_s6_gtpwizard_v1_11_i/gtpa1_dual_i/RXUSRCLK0
  Logical resource: gtp_wrapper_inst/gtp_inst/tile0_s6_gtpwizard_v1_11_i/gtpa1_dual_i/RXUSRCLK0
  Location pin: GTPA1_DUAL_X0Y1.RXUSRCLK0
  Clock network: gtp_wrapper_inst/gtp_userclk<0>
--------------------------------------------------------------------------------
Slack: 0.000ns (period - min period limit)
  Period: 3.125ns
  Min period limit: 3.125ns (320.000MHz) (Tgtpcper_RXUSRCLK)
  Physical resource: gtp_wrapper_inst/gtp_inst/tile0_s6_gtpwizard_v1_11_i/gtpa1_dual_i/RXUSRCLK1
  Logical resource: gtp_wrapper_inst/gtp_inst/tile0_s6_gtpwizard_v1_11_i/gtpa1_dual_i/RXUSRCLK1
  Location pin: GTPA1_DUAL_X0Y1.RXUSRCLK1
  Clock network: gtp_wrapper_inst/gtp_userclk<0>
--------------------------------------------------------------------------------
Slack: 0.000ns (period - min period limit)
  Period: 3.125ns
  Min period limit: 3.125ns (320.000MHz) (Tgtpcper_TXUSRCLK)
  Physical resource: gtp_wrapper_inst/gtp_inst/tile0_s6_gtpwizard_v1_11_i/gtpa1_dual_i/TXUSRCLK0
  Logical resource: gtp_wrapper_inst/gtp_inst/tile0_s6_gtpwizard_v1_11_i/gtpa1_dual_i/TXUSRCLK0
  Location pin: GTPA1_DUAL_X0Y1.TXUSRCLK0
  Clock network: gtp_wrapper_inst/gtp_userclk<0>
--------------------------------------------------------------------------------

================================================================================
Timing constraint: TS_gtp_userclk01 = PERIOD TIMEGRP "gtp_userclk01" 3.125 ns 
HIGH 50%;
For more information, see Period Analysis in the Timing Closure User Guide (UG612).

 0 paths analyzed, 0 endpoints analyzed, 0 failing endpoints
 0 timing errors detected. (0 component switching limit errors)
 Minimum period is   3.125ns.
--------------------------------------------------------------------------------

Component Switching Limit Checks: TS_gtp_userclk01 = PERIOD TIMEGRP "gtp_userclk01" 3.125 ns HIGH 50%;
--------------------------------------------------------------------------------
Slack: 0.000ns (period - min period limit)
  Period: 3.125ns
  Min period limit: 3.125ns (320.000MHz) (Tgtpcper_RXUSRCLK)
  Physical resource: gtp_wrapper_inst/gtp_inst/tile1_s6_gtpwizard_v1_11_i/gtpa1_dual_i/RXUSRCLK0
  Logical resource: gtp_wrapper_inst/gtp_inst/tile1_s6_gtpwizard_v1_11_i/gtpa1_dual_i/RXUSRCLK0
  Location pin: GTPA1_DUAL_X1Y1.RXUSRCLK0
  Clock network: gtp_wrapper_inst/gtp_userclk<1>
--------------------------------------------------------------------------------
Slack: 0.000ns (period - min period limit)
  Period: 3.125ns
  Min period limit: 3.125ns (320.000MHz) (Tgtpcper_RXUSRCLK)
  Physical resource: gtp_wrapper_inst/gtp_inst/tile1_s6_gtpwizard_v1_11_i/gtpa1_dual_i/RXUSRCLK1
  Logical resource: gtp_wrapper_inst/gtp_inst/tile1_s6_gtpwizard_v1_11_i/gtpa1_dual_i/RXUSRCLK1
  Location pin: GTPA1_DUAL_X1Y1.RXUSRCLK1
  Clock network: gtp_wrapper_inst/gtp_userclk<1>
--------------------------------------------------------------------------------
Slack: 0.000ns (period - min period limit)
  Period: 3.125ns
  Min period limit: 3.125ns (320.000MHz) (Tgtpcper_TXUSRCLK)
  Physical resource: gtp_wrapper_inst/gtp_inst/tile1_s6_gtpwizard_v1_11_i/gtpa1_dual_i/TXUSRCLK0
  Logical resource: gtp_wrapper_inst/gtp_inst/tile1_s6_gtpwizard_v1_11_i/gtpa1_dual_i/TXUSRCLK0
  Location pin: GTPA1_DUAL_X1Y1.TXUSRCLK0
  Clock network: gtp_wrapper_inst/gtp_userclk<1>
--------------------------------------------------------------------------------

================================================================================
Timing constraint: TS_clk40MHz_0 = PERIOD TIMEGRP "clk40MHz_0" TS_fpga_clk / 
0.8 HIGH 50%;
For more information, see Period Analysis in the Timing Closure User Guide (UG612).

 33205 paths analyzed, 15786 endpoints analyzed, 0 failing endpoints
 0 timing errors detected. (0 setup errors, 0 hold errors, 0 component switching limit errors)
 Minimum period is   9.789ns.
--------------------------------------------------------------------------------

Paths for end point link_tracking_1_inst/tracking_core_inst/track_7_inst/data_170 (SLICE_X109Y53.C1), 3 paths
--------------------------------------------------------------------------------
Slack (setup path):     15.211ns (requirement - (data path - clock path skew + uncertainty))
  Source:               link_tracking_1_inst/tracking_core_inst/track_7_inst/data_cnt_2 (FF)
  Destination:          link_tracking_1_inst/tracking_core_inst/track_7_inst/data_170 (FF)
  Requirement:          25.000ns
  Data Path Delay:      9.554ns (Levels of Logic = 2)
  Clock Path Skew:      -0.106ns (0.606 - 0.712)
  Source Clock:         vfat2_clk rising at 0.000ns
  Destination Clock:    vfat2_clk rising at 25.000ns
  Clock Uncertainty:    0.129ns

  Clock Uncertainty:          0.129ns  ((TSJ^2 + DJ^2)^1/2) / 2 + PE
    Total System Jitter (TSJ):  0.070ns
    Discrete Jitter (DJ):       0.247ns
    Phase Error (PE):           0.000ns

  Maximum Data Path at Slow Process Corner: link_tracking_1_inst/tracking_core_inst/track_7_inst/data_cnt_2 to link_tracking_1_inst/tracking_core_inst/track_7_inst/data_170
    Location             Delay type         Delay(ns)  Physical Resource
                                                       Logical Resource(s)
    -------------------------------------------------  -------------------
    SLICE_X88Y75.CQ      Tcko                  0.408   link_tracking_1_inst/tracking_core_inst/track_7_inst/data_cnt<3>
                                                       link_tracking_1_inst/tracking_core_inst/track_7_inst/data_cnt_2
    SLICE_X90Y91.D2      net (fanout=8)        1.770   link_tracking_1_inst/tracking_core_inst/track_7_inst/data_cnt<2>
    SLICE_X90Y91.D       Tilo                  0.203   link_tracking_1_inst/tracking_core_inst/track_7_inst/data<10>
                                                       link_tracking_1_inst/tracking_core_inst/track_7_inst/data_cnt[7]_Decoder_4_OUT<106><7>11
    SLICE_X109Y53.C1     net (fanout=24)       6.851   link_tracking_1_inst/tracking_core_inst/track_7_inst/data_cnt[7]_Decoder_4_OUT<106><7>1
    SLICE_X109Y53.CLK    Tas                   0.322   link_tracking_1_inst/tracking_core_inst/track_7_inst/data<172>
                                                       link_tracking_1_inst/tracking_core_inst/track_7_inst/_n0259<170>1
                                                       link_tracking_1_inst/tracking_core_inst/track_7_inst/data_170
    -------------------------------------------------  ---------------------------
    Total                                      9.554ns (0.933ns logic, 8.621ns route)
                                                       (9.8% logic, 90.2% route)

--------------------------------------------------------------------------------
Slack (setup path):     15.411ns (requirement - (data path - clock path skew + uncertainty))
  Source:               link_tracking_1_inst/tracking_core_inst/track_7_inst/data_cnt_0 (FF)
  Destination:          link_tracking_1_inst/tracking_core_inst/track_7_inst/data_170 (FF)
  Requirement:          25.000ns
  Data Path Delay:      9.354ns (Levels of Logic = 2)
  Clock Path Skew:      -0.106ns (0.606 - 0.712)
  Source Clock:         vfat2_clk rising at 0.000ns
  Destination Clock:    vfat2_clk rising at 25.000ns
  Clock Uncertainty:    0.129ns

  Clock Uncertainty:          0.129ns  ((TSJ^2 + DJ^2)^1/2) / 2 + PE
    Total System Jitter (TSJ):  0.070ns
    Discrete Jitter (DJ):       0.247ns
    Phase Error (PE):           0.000ns

  Maximum Data Path at Slow Process Corner: link_tracking_1_inst/tracking_core_inst/track_7_inst/data_cnt_0 to link_tracking_1_inst/tracking_core_inst/track_7_inst/data_170
    Location             Delay type         Delay(ns)  Physical Resource
                                                       Logical Resource(s)
    -------------------------------------------------  -------------------
    SLICE_X88Y75.AQ      Tcko                  0.408   link_tracking_1_inst/tracking_core_inst/track_7_inst/data_cnt<3>
                                                       link_tracking_1_inst/tracking_core_inst/track_7_inst/data_cnt_0
    SLICE_X90Y91.D3      net (fanout=8)        1.570   link_tracking_1_inst/tracking_core_inst/track_7_inst/data_cnt<0>
    SLICE_X90Y91.D       Tilo                  0.203   link_tracking_1_inst/tracking_core_inst/track_7_inst/data<10>
                                                       link_tracking_1_inst/tracking_core_inst/track_7_inst/data_cnt[7]_Decoder_4_OUT<106><7>11
    SLICE_X109Y53.C1     net (fanout=24)       6.851   link_tracking_1_inst/tracking_core_inst/track_7_inst/data_cnt[7]_Decoder_4_OUT<106><7>1
    SLICE_X109Y53.CLK    Tas                   0.322   link_tracking_1_inst/tracking_core_inst/track_7_inst/data<172>
                                                       link_tracking_1_inst/tracking_core_inst/track_7_inst/_n0259<170>1
                                                       link_tracking_1_inst/tracking_core_inst/track_7_inst/data_170
    -------------------------------------------------  ---------------------------
    Total                                      9.354ns (0.933ns logic, 8.421ns route)
                                                       (10.0% logic, 90.0% route)

--------------------------------------------------------------------------------
Slack (setup path):     15.459ns (requirement - (data path - clock path skew + uncertainty))
  Source:               link_tracking_1_inst/tracking_core_inst/track_7_inst/data_cnt_1 (FF)
  Destination:          link_tracking_1_inst/tracking_core_inst/track_7_inst/data_170 (FF)
  Requirement:          25.000ns
  Data Path Delay:      9.306ns (Levels of Logic = 2)
  Clock Path Skew:      -0.106ns (0.606 - 0.712)
  Source Clock:         vfat2_clk rising at 0.000ns
  Destination Clock:    vfat2_clk rising at 25.000ns
  Clock Uncertainty:    0.129ns

  Clock Uncertainty:          0.129ns  ((TSJ^2 + DJ^2)^1/2) / 2 + PE
    Total System Jitter (TSJ):  0.070ns
    Discrete Jitter (DJ):       0.247ns
    Phase Error (PE):           0.000ns

  Maximum Data Path at Slow Process Corner: link_tracking_1_inst/tracking_core_inst/track_7_inst/data_cnt_1 to link_tracking_1_inst/tracking_core_inst/track_7_inst/data_170
    Location             Delay type         Delay(ns)  Physical Resource
                                                       Logical Resource(s)
    -------------------------------------------------  -------------------
    SLICE_X88Y75.BQ      Tcko                  0.408   link_tracking_1_inst/tracking_core_inst/track_7_inst/data_cnt<3>
                                                       link_tracking_1_inst/tracking_core_inst/track_7_inst/data_cnt_1
    SLICE_X90Y91.D4      net (fanout=8)        1.522   link_tracking_1_inst/tracking_core_inst/track_7_inst/data_cnt<1>
    SLICE_X90Y91.D       Tilo                  0.203   link_tracking_1_inst/tracking_core_inst/track_7_inst/data<10>
                                                       link_tracking_1_inst/tracking_core_inst/track_7_inst/data_cnt[7]_Decoder_4_OUT<106><7>11
    SLICE_X109Y53.C1     net (fanout=24)       6.851   link_tracking_1_inst/tracking_core_inst/track_7_inst/data_cnt[7]_Decoder_4_OUT<106><7>1
    SLICE_X109Y53.CLK    Tas                   0.322   link_tracking_1_inst/tracking_core_inst/track_7_inst/data<172>
                                                       link_tracking_1_inst/tracking_core_inst/track_7_inst/_n0259<170>1
                                                       link_tracking_1_inst/tracking_core_inst/track_7_inst/data_170
    -------------------------------------------------  ---------------------------
    Total                                      9.306ns (0.933ns logic, 8.373ns route)
                                                       (10.0% logic, 90.0% route)

--------------------------------------------------------------------------------

Paths for end point link_tracking_1_inst/tracking_core_inst/track_7_inst/data_154 (SLICE_X103Y59.B6), 3 paths
--------------------------------------------------------------------------------
Slack (setup path):     15.960ns (requirement - (data path - clock path skew + uncertainty))
  Source:               link_tracking_1_inst/tracking_core_inst/track_7_inst/data_cnt_2 (FF)
  Destination:          link_tracking_1_inst/tracking_core_inst/track_7_inst/data_154 (FF)
  Requirement:          25.000ns
  Data Path Delay:      8.804ns (Levels of Logic = 2)
  Clock Path Skew:      -0.107ns (0.605 - 0.712)
  Source Clock:         vfat2_clk rising at 0.000ns
  Destination Clock:    vfat2_clk rising at 25.000ns
  Clock Uncertainty:    0.129ns

  Clock Uncertainty:          0.129ns  ((TSJ^2 + DJ^2)^1/2) / 2 + PE
    Total System Jitter (TSJ):  0.070ns
    Discrete Jitter (DJ):       0.247ns
    Phase Error (PE):           0.000ns

  Maximum Data Path at Slow Process Corner: link_tracking_1_inst/tracking_core_inst/track_7_inst/data_cnt_2 to link_tracking_1_inst/tracking_core_inst/track_7_inst/data_154
    Location             Delay type         Delay(ns)  Physical Resource
                                                       Logical Resource(s)
    -------------------------------------------------  -------------------
    SLICE_X88Y75.CQ      Tcko                  0.408   link_tracking_1_inst/tracking_core_inst/track_7_inst/data_cnt<3>
                                                       link_tracking_1_inst/tracking_core_inst/track_7_inst/data_cnt_2
    SLICE_X90Y91.D2      net (fanout=8)        1.770   link_tracking_1_inst/tracking_core_inst/track_7_inst/data_cnt<2>
    SLICE_X90Y91.D       Tilo                  0.203   link_tracking_1_inst/tracking_core_inst/track_7_inst/data<10>
                                                       link_tracking_1_inst/tracking_core_inst/track_7_inst/data_cnt[7]_Decoder_4_OUT<106><7>11
    SLICE_X103Y59.B6     net (fanout=24)       6.101   link_tracking_1_inst/tracking_core_inst/track_7_inst/data_cnt[7]_Decoder_4_OUT<106><7>1
    SLICE_X103Y59.CLK    Tas                   0.322   link_tracking_1_inst/tracking_core_inst/track_7_inst/data<157>
                                                       link_tracking_1_inst/tracking_core_inst/track_7_inst/_n0259<154>1
                                                       link_tracking_1_inst/tracking_core_inst/track_7_inst/data_154
    -------------------------------------------------  ---------------------------
    Total                                      8.804ns (0.933ns logic, 7.871ns route)
                                                       (10.6% logic, 89.4% route)

--------------------------------------------------------------------------------
Slack (setup path):     16.160ns (requirement - (data path - clock path skew + uncertainty))
  Source:               link_tracking_1_inst/tracking_core_inst/track_7_inst/data_cnt_0 (FF)
  Destination:          link_tracking_1_inst/tracking_core_inst/track_7_inst/data_154 (FF)
  Requirement:          25.000ns
  Data Path Delay:      8.604ns (Levels of Logic = 2)
  Clock Path Skew:      -0.107ns (0.605 - 0.712)
  Source Clock:         vfat2_clk rising at 0.000ns
  Destination Clock:    vfat2_clk rising at 25.000ns
  Clock Uncertainty:    0.129ns

  Clock Uncertainty:          0.129ns  ((TSJ^2 + DJ^2)^1/2) / 2 + PE
    Total System Jitter (TSJ):  0.070ns
    Discrete Jitter (DJ):       0.247ns
    Phase Error (PE):           0.000ns

  Maximum Data Path at Slow Process Corner: link_tracking_1_inst/tracking_core_inst/track_7_inst/data_cnt_0 to link_tracking_1_inst/tracking_core_inst/track_7_inst/data_154
    Location             Delay type         Delay(ns)  Physical Resource
                                                       Logical Resource(s)
    -------------------------------------------------  -------------------
    SLICE_X88Y75.AQ      Tcko                  0.408   link_tracking_1_inst/tracking_core_inst/track_7_inst/data_cnt<3>
                                                       link_tracking_1_inst/tracking_core_inst/track_7_inst/data_cnt_0
    SLICE_X90Y91.D3      net (fanout=8)        1.570   link_tracking_1_inst/tracking_core_inst/track_7_inst/data_cnt<0>
    SLICE_X90Y91.D       Tilo                  0.203   link_tracking_1_inst/tracking_core_inst/track_7_inst/data<10>
                                                       link_tracking_1_inst/tracking_core_inst/track_7_inst/data_cnt[7]_Decoder_4_OUT<106><7>11
    SLICE_X103Y59.B6     net (fanout=24)       6.101   link_tracking_1_inst/tracking_core_inst/track_7_inst/data_cnt[7]_Decoder_4_OUT<106><7>1
    SLICE_X103Y59.CLK    Tas                   0.322   link_tracking_1_inst/tracking_core_inst/track_7_inst/data<157>
                                                       link_tracking_1_inst/tracking_core_inst/track_7_inst/_n0259<154>1
                                                       link_tracking_1_inst/tracking_core_inst/track_7_inst/data_154
    -------------------------------------------------  ---------------------------
    Total                                      8.604ns (0.933ns logic, 7.671ns route)
                                                       (10.8% logic, 89.2% route)

--------------------------------------------------------------------------------
Slack (setup path):     16.208ns (requirement - (data path - clock path skew + uncertainty))
  Source:               link_tracking_1_inst/tracking_core_inst/track_7_inst/data_cnt_1 (FF)
  Destination:          link_tracking_1_inst/tracking_core_inst/track_7_inst/data_154 (FF)
  Requirement:          25.000ns
  Data Path Delay:      8.556ns (Levels of Logic = 2)
  Clock Path Skew:      -0.107ns (0.605 - 0.712)
  Source Clock:         vfat2_clk rising at 0.000ns
  Destination Clock:    vfat2_clk rising at 25.000ns
  Clock Uncertainty:    0.129ns

  Clock Uncertainty:          0.129ns  ((TSJ^2 + DJ^2)^1/2) / 2 + PE
    Total System Jitter (TSJ):  0.070ns
    Discrete Jitter (DJ):       0.247ns
    Phase Error (PE):           0.000ns

  Maximum Data Path at Slow Process Corner: link_tracking_1_inst/tracking_core_inst/track_7_inst/data_cnt_1 to link_tracking_1_inst/tracking_core_inst/track_7_inst/data_154
    Location             Delay type         Delay(ns)  Physical Resource
                                                       Logical Resource(s)
    -------------------------------------------------  -------------------
    SLICE_X88Y75.BQ      Tcko                  0.408   link_tracking_1_inst/tracking_core_inst/track_7_inst/data_cnt<3>
                                                       link_tracking_1_inst/tracking_core_inst/track_7_inst/data_cnt_1
    SLICE_X90Y91.D4      net (fanout=8)        1.522   link_tracking_1_inst/tracking_core_inst/track_7_inst/data_cnt<1>
    SLICE_X90Y91.D       Tilo                  0.203   link_tracking_1_inst/tracking_core_inst/track_7_inst/data<10>
                                                       link_tracking_1_inst/tracking_core_inst/track_7_inst/data_cnt[7]_Decoder_4_OUT<106><7>11
    SLICE_X103Y59.B6     net (fanout=24)       6.101   link_tracking_1_inst/tracking_core_inst/track_7_inst/data_cnt[7]_Decoder_4_OUT<106><7>1
    SLICE_X103Y59.CLK    Tas                   0.322   link_tracking_1_inst/tracking_core_inst/track_7_inst/data<157>
                                                       link_tracking_1_inst/tracking_core_inst/track_7_inst/_n0259<154>1
                                                       link_tracking_1_inst/tracking_core_inst/track_7_inst/data_154
    -------------------------------------------------  ---------------------------
    Total                                      8.556ns (0.933ns logic, 7.623ns route)
                                                       (10.9% logic, 89.1% route)

--------------------------------------------------------------------------------

Paths for end point link_tracking_1_inst/tracking_core_inst/track_7_inst/data_162 (SLICE_X102Y55.A4), 3 paths
--------------------------------------------------------------------------------
Slack (setup path):     16.030ns (requirement - (data path - clock path skew + uncertainty))
  Source:               link_tracking_1_inst/tracking_core_inst/track_7_inst/data_cnt_2 (FF)
  Destination:          link_tracking_1_inst/tracking_core_inst/track_7_inst/data_162 (FF)
  Requirement:          25.000ns
  Data Path Delay:      8.727ns (Levels of Logic = 2)
  Clock Path Skew:      -0.114ns (0.598 - 0.712)
  Source Clock:         vfat2_clk rising at 0.000ns
  Destination Clock:    vfat2_clk rising at 25.000ns
  Clock Uncertainty:    0.129ns

  Clock Uncertainty:          0.129ns  ((TSJ^2 + DJ^2)^1/2) / 2 + PE
    Total System Jitter (TSJ):  0.070ns
    Discrete Jitter (DJ):       0.247ns
    Phase Error (PE):           0.000ns

  Maximum Data Path at Slow Process Corner: link_tracking_1_inst/tracking_core_inst/track_7_inst/data_cnt_2 to link_tracking_1_inst/tracking_core_inst/track_7_inst/data_162
    Location             Delay type         Delay(ns)  Physical Resource
                                                       Logical Resource(s)
    -------------------------------------------------  -------------------
    SLICE_X88Y75.CQ      Tcko                  0.408   link_tracking_1_inst/tracking_core_inst/track_7_inst/data_cnt<3>
                                                       link_tracking_1_inst/tracking_core_inst/track_7_inst/data_cnt_2
    SLICE_X90Y91.D2      net (fanout=8)        1.770   link_tracking_1_inst/tracking_core_inst/track_7_inst/data_cnt<2>
    SLICE_X90Y91.D       Tilo                  0.203   link_tracking_1_inst/tracking_core_inst/track_7_inst/data<10>
                                                       link_tracking_1_inst/tracking_core_inst/track_7_inst/data_cnt[7]_Decoder_4_OUT<106><7>11
    SLICE_X102Y55.A4     net (fanout=24)       6.005   link_tracking_1_inst/tracking_core_inst/track_7_inst/data_cnt[7]_Decoder_4_OUT<106><7>1
    SLICE_X102Y55.CLK    Tas                   0.341   link_tracking_1_inst/tracking_core_inst/track_7_inst/data<171>
                                                       link_tracking_1_inst/tracking_core_inst/track_7_inst/_n0259<162>1
                                                       link_tracking_1_inst/tracking_core_inst/track_7_inst/data_162
    -------------------------------------------------  ---------------------------
    Total                                      8.727ns (0.952ns logic, 7.775ns route)
                                                       (10.9% logic, 89.1% route)

--------------------------------------------------------------------------------
Slack (setup path):     16.230ns (requirement - (data path - clock path skew + uncertainty))
  Source:               link_tracking_1_inst/tracking_core_inst/track_7_inst/data_cnt_0 (FF)
  Destination:          link_tracking_1_inst/tracking_core_inst/track_7_inst/data_162 (FF)
  Requirement:          25.000ns
  Data Path Delay:      8.527ns (Levels of Logic = 2)
  Clock Path Skew:      -0.114ns (0.598 - 0.712)
  Source Clock:         vfat2_clk rising at 0.000ns
  Destination Clock:    vfat2_clk rising at 25.000ns
  Clock Uncertainty:    0.129ns

  Clock Uncertainty:          0.129ns  ((TSJ^2 + DJ^2)^1/2) / 2 + PE
    Total System Jitter (TSJ):  0.070ns
    Discrete Jitter (DJ):       0.247ns
    Phase Error (PE):           0.000ns

  Maximum Data Path at Slow Process Corner: link_tracking_1_inst/tracking_core_inst/track_7_inst/data_cnt_0 to link_tracking_1_inst/tracking_core_inst/track_7_inst/data_162
    Location             Delay type         Delay(ns)  Physical Resource
                                                       Logical Resource(s)
    -------------------------------------------------  -------------------
    SLICE_X88Y75.AQ      Tcko                  0.408   link_tracking_1_inst/tracking_core_inst/track_7_inst/data_cnt<3>
                                                       link_tracking_1_inst/tracking_core_inst/track_7_inst/data_cnt_0
    SLICE_X90Y91.D3      net (fanout=8)        1.570   link_tracking_1_inst/tracking_core_inst/track_7_inst/data_cnt<0>
    SLICE_X90Y91.D       Tilo                  0.203   link_tracking_1_inst/tracking_core_inst/track_7_inst/data<10>
                                                       link_tracking_1_inst/tracking_core_inst/track_7_inst/data_cnt[7]_Decoder_4_OUT<106><7>11
    SLICE_X102Y55.A4     net (fanout=24)       6.005   link_tracking_1_inst/tracking_core_inst/track_7_inst/data_cnt[7]_Decoder_4_OUT<106><7>1
    SLICE_X102Y55.CLK    Tas                   0.341   link_tracking_1_inst/tracking_core_inst/track_7_inst/data<171>
                                                       link_tracking_1_inst/tracking_core_inst/track_7_inst/_n0259<162>1
                                                       link_tracking_1_inst/tracking_core_inst/track_7_inst/data_162
    -------------------------------------------------  ---------------------------
    Total                                      8.527ns (0.952ns logic, 7.575ns route)
                                                       (11.2% logic, 88.8% route)

--------------------------------------------------------------------------------
Slack (setup path):     16.278ns (requirement - (data path - clock path skew + uncertainty))
  Source:               link_tracking_1_inst/tracking_core_inst/track_7_inst/data_cnt_1 (FF)
  Destination:          link_tracking_1_inst/tracking_core_inst/track_7_inst/data_162 (FF)
  Requirement:          25.000ns
  Data Path Delay:      8.479ns (Levels of Logic = 2)
  Clock Path Skew:      -0.114ns (0.598 - 0.712)
  Source Clock:         vfat2_clk rising at 0.000ns
  Destination Clock:    vfat2_clk rising at 25.000ns
  Clock Uncertainty:    0.129ns

  Clock Uncertainty:          0.129ns  ((TSJ^2 + DJ^2)^1/2) / 2 + PE
    Total System Jitter (TSJ):  0.070ns
    Discrete Jitter (DJ):       0.247ns
    Phase Error (PE):           0.000ns

  Maximum Data Path at Slow Process Corner: link_tracking_1_inst/tracking_core_inst/track_7_inst/data_cnt_1 to link_tracking_1_inst/tracking_core_inst/track_7_inst/data_162
    Location             Delay type         Delay(ns)  Physical Resource
                                                       Logical Resource(s)
    -------------------------------------------------  -------------------
    SLICE_X88Y75.BQ      Tcko                  0.408   link_tracking_1_inst/tracking_core_inst/track_7_inst/data_cnt<3>
                                                       link_tracking_1_inst/tracking_core_inst/track_7_inst/data_cnt_1
    SLICE_X90Y91.D4      net (fanout=8)        1.522   link_tracking_1_inst/tracking_core_inst/track_7_inst/data_cnt<1>
    SLICE_X90Y91.D       Tilo                  0.203   link_tracking_1_inst/tracking_core_inst/track_7_inst/data<10>
                                                       link_tracking_1_inst/tracking_core_inst/track_7_inst/data_cnt[7]_Decoder_4_OUT<106><7>11
    SLICE_X102Y55.A4     net (fanout=24)       6.005   link_tracking_1_inst/tracking_core_inst/track_7_inst/data_cnt[7]_Decoder_4_OUT<106><7>1
    SLICE_X102Y55.CLK    Tas                   0.341   link_tracking_1_inst/tracking_core_inst/track_7_inst/data<171>
                                                       link_tracking_1_inst/tracking_core_inst/track_7_inst/_n0259<162>1
                                                       link_tracking_1_inst/tracking_core_inst/track_7_inst/data_162
    -------------------------------------------------  ---------------------------
    Total                                      8.479ns (0.952ns logic, 7.527ns route)
                                                       (11.2% logic, 88.8% route)

--------------------------------------------------------------------------------

Hold Paths: TS_clk40MHz_0 = PERIOD TIMEGRP "clk40MHz_0" TS_fpga_clk / 0.8 HIGH 50%;
--------------------------------------------------------------------------------

Paths for end point link_tracking_1_inst/tracking_core_inst/tracking_buffer_fifo/U0/xst_fifo_generator/gconvfifo.rf/grf.rf/rstblk/RST_FULL_GEN (SLICE_X54Y69.DX), 1 path
--------------------------------------------------------------------------------
Slack (hold path):      0.375ns (requirement - (clock path skew + uncertainty - data path))
  Source:               link_tracking_1_inst/tracking_core_inst/tracking_buffer_fifo/U0/xst_fifo_generator/gconvfifo.rf/grf.rf/rstblk/grstd1.grst_full.rst_d3 (FF)
  Destination:          link_tracking_1_inst/tracking_core_inst/tracking_buffer_fifo/U0/xst_fifo_generator/gconvfifo.rf/grf.rf/rstblk/RST_FULL_GEN (FF)
  Requirement:          0.000ns
  Data Path Delay:      0.377ns (Levels of Logic = 0)
  Clock Path Skew:      0.002ns (0.036 - 0.034)
  Source Clock:         vfat2_clk rising at 25.000ns
  Destination Clock:    vfat2_clk rising at 25.000ns
  Clock Uncertainty:    0.000ns

  Minimum Data Path at Fast Process Corner: link_tracking_1_inst/tracking_core_inst/tracking_buffer_fifo/U0/xst_fifo_generator/gconvfifo.rf/grf.rf/rstblk/grstd1.grst_full.rst_d3 to link_tracking_1_inst/tracking_core_inst/tracking_buffer_fifo/U0/xst_fifo_generator/gconvfifo.rf/grf.rf/rstblk/RST_FULL_GEN
    Location             Delay type         Delay(ns)  Physical Resource
                                                       Logical Resource(s)
    -------------------------------------------------  -------------------
    SLICE_X55Y69.CQ      Tcko                  0.198   link_tracking_1_inst/tracking_core_inst/tracking_buffer_fifo/U0/xst_fifo_generator/gconvfifo.rf/grf.rf/rstblk/grstd1.grst_full.rst_d3
                                                       link_tracking_1_inst/tracking_core_inst/tracking_buffer_fifo/U0/xst_fifo_generator/gconvfifo.rf/grf.rf/rstblk/grstd1.grst_full.rst_d3
    SLICE_X54Y69.DX      net (fanout=1)        0.131   link_tracking_1_inst/tracking_core_inst/tracking_buffer_fifo/U0/xst_fifo_generator/gconvfifo.rf/grf.rf/rstblk/grstd1.grst_full.rst_d3
    SLICE_X54Y69.CLK     Tckdi       (-Th)    -0.048   link_tracking_1_inst/tracking_core_inst/tracking_buffer_fifo/U0/xst_fifo_generator/gconvfifo.rf/grf.rf/rstblk/RST_FULL_GEN
                                                       link_tracking_1_inst/tracking_core_inst/tracking_buffer_fifo/U0/xst_fifo_generator/gconvfifo.rf/grf.rf/rstblk/RST_FULL_GEN
    -------------------------------------------------  ---------------------------
    Total                                      0.377ns (0.246ns logic, 0.131ns route)
                                                       (65.3% logic, 34.7% route)

--------------------------------------------------------------------------------

Paths for end point link_tracking_1_inst/tracking_core_inst/tracking_buffer_fifo/U0/xst_fifo_generator/gconvfifo.rf/grf.rf/gntv_or_sync_fifo.mem/gbm.gbmg.gbmga.ngecc.bmg/gnativebmg.native_blk_mem_gen/valid.cstr/ramloop[0].ram.r/s6_noinit.ram/SDP.WIDE_PRIM9.ram (RAMB8_X3Y45.DIADI15), 1 path
--------------------------------------------------------------------------------
Slack (hold path):      0.386ns (requirement - (clock path skew + uncertainty - data path))
  Source:               link_tracking_1_inst/tracking_core_inst/tracking_concentrator_inst/data_o_16 (FF)
  Destination:          link_tracking_1_inst/tracking_core_inst/tracking_buffer_fifo/U0/xst_fifo_generator/gconvfifo.rf/grf.rf/gntv_or_sync_fifo.mem/gbm.gbmg.gbmga.ngecc.bmg/gnativebmg.native_blk_mem_gen/valid.cstr/ramloop[0].ram.r/s6_noinit.ram/SDP.WIDE_PRIM9.ram (RAM)
  Requirement:          0.000ns
  Data Path Delay:      0.383ns (Levels of Logic = 0)
  Clock Path Skew:      -0.003ns (0.071 - 0.074)
  Source Clock:         vfat2_clk rising at 25.000ns
  Destination Clock:    vfat2_clk rising at 25.000ns
  Clock Uncertainty:    0.000ns

  Minimum Data Path at Fast Process Corner: link_tracking_1_inst/tracking_core_inst/tracking_concentrator_inst/data_o_16 to link_tracking_1_inst/tracking_core_inst/tracking_buffer_fifo/U0/xst_fifo_generator/gconvfifo.rf/grf.rf/gntv_or_sync_fifo.mem/gbm.gbmg.gbmga.ngecc.bmg/gnativebmg.native_blk_mem_gen/valid.cstr/ramloop[0].ram.r/s6_noinit.ram/SDP.WIDE_PRIM9.ram
    Location             Delay type         Delay(ns)  Physical Resource
                                                       Logical Resource(s)
    -------------------------------------------------  -------------------
    SLICE_X86Y92.CQ      Tcko                  0.200   link_tracking_1_inst/tracking_core_inst/fifo_din<16>
                                                       link_tracking_1_inst/tracking_core_inst/tracking_concentrator_inst/data_o_16
    RAMB8_X3Y45.DIADI15  net (fanout=1)        0.236   link_tracking_1_inst/tracking_core_inst/fifo_din<16>
    RAMB8_X3Y45.CLKAWRCLKTrckd_DIA   (-Th)     0.053   link_tracking_1_inst/tracking_core_inst/tracking_buffer_fifo/U0/xst_fifo_generator/gconvfifo.rf/grf.rf/gntv_or_sync_fifo.mem/gbm.gbmg.gbmga.ngecc.bmg/gnativebmg.native_blk_mem_gen/valid.cstr/ramloop[0].ram.r/s6_noinit.ram/SDP.WIDE_PRIM9.ram
                                                       link_tracking_1_inst/tracking_core_inst/tracking_buffer_fifo/U0/xst_fifo_generator/gconvfifo.rf/grf.rf/gntv_or_sync_fifo.mem/gbm.gbmg.gbmga.ngecc.bmg/gnativebmg.native_blk_mem_gen/valid.cstr/ramloop[0].ram.r/s6_noinit.ram/SDP.WIDE_PRIM9.ram
    -------------------------------------------------  ---------------------------
    Total                                      0.383ns (0.147ns logic, 0.236ns route)
                                                       (38.4% logic, 61.6% route)

--------------------------------------------------------------------------------

Paths for end point link_tracking_1_inst/tracking_core_inst/track_2_inst/data_o_64 (SLICE_X66Y73.AX), 1 path
--------------------------------------------------------------------------------
Slack (hold path):      0.388ns (requirement - (clock path skew + uncertainty - data path))
  Source:               link_tracking_1_inst/tracking_core_inst/track_2_inst/data_64 (FF)
  Destination:          link_tracking_1_inst/tracking_core_inst/track_2_inst/data_o_64 (FF)
  Requirement:          0.000ns
  Data Path Delay:      0.390ns (Levels of Logic = 0)
  Clock Path Skew:      0.002ns (0.034 - 0.032)
  Source Clock:         vfat2_clk rising at 25.000ns
  Destination Clock:    vfat2_clk rising at 25.000ns
  Clock Uncertainty:    0.000ns

  Minimum Data Path at Fast Process Corner: link_tracking_1_inst/tracking_core_inst/track_2_inst/data_64 to link_tracking_1_inst/tracking_core_inst/track_2_inst/data_o_64
    Location             Delay type         Delay(ns)  Physical Resource
                                                       Logical Resource(s)
    -------------------------------------------------  -------------------
    SLICE_X67Y73.AQ      Tcko                  0.198   link_tracking_1_inst/tracking_core_inst/track_2_inst/data<67>
                                                       link_tracking_1_inst/tracking_core_inst/track_2_inst/data_64
    SLICE_X66Y73.AX      net (fanout=2)        0.144   link_tracking_1_inst/tracking_core_inst/track_2_inst/data<64>
    SLICE_X66Y73.CLK     Tckdi       (-Th)    -0.048   link_tracking_1_inst/tracking_core_inst/track_data<2><67>
                                                       link_tracking_1_inst/tracking_core_inst/track_2_inst/data_o_64
    -------------------------------------------------  ---------------------------
    Total                                      0.390ns (0.246ns logic, 0.144ns route)
                                                       (63.1% logic, 36.9% route)

--------------------------------------------------------------------------------

Component Switching Limit Checks: TS_clk40MHz_0 = PERIOD TIMEGRP "clk40MHz_0" TS_fpga_clk / 0.8 HIGH 50%;
--------------------------------------------------------------------------------
Slack: 21.876ns (period - min period limit)
  Period: 25.000ns
  Min period limit: 3.124ns (320.102MHz) (Trper_CLKA(Fmax))
  Physical resource: link_tracking_1_inst/tracking_core_inst/tracking_buffer_fifo/U0/xst_fifo_generator/gconvfifo.rf/grf.rf/gntv_or_sync_fifo.mem/gbm.gbmg.gbmga.ngecc.bmg/gnativebmg.native_blk_mem_gen/valid.cstr/ramloop[5].ram.r/s6_noinit.ram/SDP.WIDE_PRIM9.ram/CLKAWRCLK
  Logical resource: link_tracking_1_inst/tracking_core_inst/tracking_buffer_fifo/U0/xst_fifo_generator/gconvfifo.rf/grf.rf/gntv_or_sync_fifo.mem/gbm.gbmg.gbmga.ngecc.bmg/gnativebmg.native_blk_mem_gen/valid.cstr/ramloop[5].ram.r/s6_noinit.ram/SDP.WIDE_PRIM9.ram/CLKAWRCLK
  Location pin: RAMB8_X3Y34.CLKAWRCLK
  Clock network: vfat2_clk
--------------------------------------------------------------------------------
Slack: 21.876ns (period - min period limit)
  Period: 25.000ns
  Min period limit: 3.124ns (320.102MHz) (Trper_CLKA(Fmax))
  Physical resource: link_tracking_1_inst/tracking_core_inst/tracking_buffer_fifo/U0/xst_fifo_generator/gconvfifo.rf/grf.rf/gntv_or_sync_fifo.mem/gbm.gbmg.gbmga.ngecc.bmg/gnativebmg.native_blk_mem_gen/valid.cstr/ramloop[4].ram.r/s6_noinit.ram/SDP.WIDE_PRIM9.ram/CLKAWRCLK
  Logical resource: link_tracking_1_inst/tracking_core_inst/tracking_buffer_fifo/U0/xst_fifo_generator/gconvfifo.rf/grf.rf/gntv_or_sync_fifo.mem/gbm.gbmg.gbmga.ngecc.bmg/gnativebmg.native_blk_mem_gen/valid.cstr/ramloop[4].ram.r/s6_noinit.ram/SDP.WIDE_PRIM9.ram/CLKAWRCLK
  Location pin: RAMB8_X3Y32.CLKAWRCLK
  Clock network: vfat2_clk
--------------------------------------------------------------------------------
Slack: 21.876ns (period - min period limit)
  Period: 25.000ns
  Min period limit: 3.124ns (320.102MHz) (Trper_CLKA(Fmax))
  Physical resource: link_tracking_1_inst/tracking_core_inst/tracking_buffer_fifo/U0/xst_fifo_generator/gconvfifo.rf/grf.rf/gntv_or_sync_fifo.mem/gbm.gbmg.gbmga.ngecc.bmg/gnativebmg.native_blk_mem_gen/valid.cstr/ramloop[3].ram.r/s6_noinit.ram/SDP.WIDE_PRIM9.ram/CLKAWRCLK
  Logical resource: link_tracking_1_inst/tracking_core_inst/tracking_buffer_fifo/U0/xst_fifo_generator/gconvfifo.rf/grf.rf/gntv_or_sync_fifo.mem/gbm.gbmg.gbmga.ngecc.bmg/gnativebmg.native_blk_mem_gen/valid.cstr/ramloop[3].ram.r/s6_noinit.ram/SDP.WIDE_PRIM9.ram/CLKAWRCLK
  Location pin: RAMB8_X3Y38.CLKAWRCLK
  Clock network: vfat2_clk
--------------------------------------------------------------------------------


Derived Constraint Report
Derived Constraints for TS_fpga_clk
+-------------------------------+-------------+-------------+-------------+-------------+-------------+-------------+-------------+
|                               |   Period    |       Actual Period       |      Timing Errors        |      Paths Analyzed       |
|           Constraint          | Requirement |-------------+-------------|-------------+-------------|-------------+-------------|
|                               |             |   Direct    | Derivative  |   Direct    | Derivative  |   Direct    | Derivative  |
+-------------------------------+-------------+-------------+-------------+-------------+-------------+-------------+-------------+
|TS_fpga_clk                    |     20.000ns|      5.000ns|      7.831ns|            0|            0|            0|        33205|
| TS_clk40MHz_0                 |     25.000ns|      9.789ns|          N/A|            0|            0|        33205|            0|
+-------------------------------+-------------+-------------+-------------+-------------+-------------+-------------+-------------+

All constraints were met.


Data Sheet report:
-----------------
All values displayed in nanoseconds (ns)

Clock to Setup on destination clock fpga_clk_i
---------------+---------+---------+---------+---------+
               | Src:Rise| Src:Fall| Src:Rise| Src:Fall|
Source Clock   |Dest:Rise|Dest:Rise|Dest:Fall|Dest:Fall|
---------------+---------+---------+---------+---------+
fpga_clk_i     |    9.789|         |         |         |
---------------+---------+---------+---------+---------+


Timing summary:
---------------

Timing errors: 0  Score: 0  (Setup/Max: 0, Hold: 0)

Constraints cover 33205 paths, 0 nets, and 14943 connections

Design statistics:
   Minimum period:   9.789ns{1}   (Maximum frequency: 102.155MHz)


------------------------------------Footnotes-----------------------------------
1)  The minimum period statistic assumes all single cycle delays.

Analysis completed Sat Nov 08 15:51:51 2014 
--------------------------------------------------------------------------------

Trace Settings:
-------------------------
Trace Settings 

Peak Memory Usage: 375 MB



