Release 14.7 - xst P.20131013 (nt)
Copyright (c) 1995-2013 Xilinx, Inc.  All rights reserved.
--> Parameter TMPDIR set to xst/projnav.tmp


Total REAL time to Xst completion: 0.00 secs
Total CPU time to Xst completion: 0.11 secs
 
--> Parameter xsthdpdir set to xst


Total REAL time to Xst completion: 0.00 secs
Total CPU time to Xst completion: 0.11 secs
 
--> Reading design: optohybrid_top.prj

TABLE OF CONTENTS
  1) Synthesis Options Summary
  2) HDL Parsing
  3) HDL Elaboration
  4) HDL Synthesis
       4.1) HDL Synthesis Report
  5) Advanced HDL Synthesis
       5.1) Advanced HDL Synthesis Report
  6) Low Level Synthesis
  7) Partition Report
  8) Design Summary
       8.1) Primitive and Black Box Usage
       8.2) Device utilization summary
       8.3) Partition Resource Summary
       8.4) Timing Report
            8.4.1) Clock Information
            8.4.2) Asynchronous Control Signals Information
            8.4.3) Timing Summary
            8.4.4) Timing Details
            8.4.5) Cross Clock Domains Report


=========================================================================
*                      Synthesis Options Summary                        *
=========================================================================
---- Source Parameters
Input File Name                    : "optohybrid_top.prj"
Ignore Synthesis Constraint File   : NO

---- Target Parameters
Output File Name                   : "optohybrid_top"
Output Format                      : NGC
Target Device                      : xc6slx150t-3-fgg676

---- Source Options
Top Module Name                    : optohybrid_top
Automatic FSM Extraction           : YES
FSM Encoding Algorithm             : Auto
Safe Implementation                : No
FSM Style                          : LUT
RAM Extraction                     : Yes
RAM Style                          : Auto
ROM Extraction                     : Yes
Shift Register Extraction          : YES
ROM Style                          : Auto
Resource Sharing                   : YES
Asynchronous To Synchronous        : NO
Shift Register Minimum Size        : 2
Use DSP Block                      : Auto
Automatic Register Balancing       : No

---- Target Options
LUT Combining                      : Auto
Reduce Control Sets                : Auto
Add IO Buffers                     : YES
Global Maximum Fanout              : 100000
Add Generic Clock Buffer(BUFG)     : 16
Register Duplication               : YES
Optimize Instantiated Primitives   : NO
Use Clock Enable                   : Auto
Use Synchronous Set                : Auto
Use Synchronous Reset              : Auto
Pack IO Registers into IOBs        : Auto
Equivalent register Removal        : YES

---- General Options
Optimization Goal                  : Speed
Optimization Effort                : 1
Power Reduction                    : NO
Keep Hierarchy                     : Soft
Netlist Hierarchy                  : As_Optimized
RTL Output                         : Yes
Global Optimization                : AllClockNets
Read Cores                         : YES
Write Timing Constraints           : NO
Cross Clock Analysis               : NO
Hierarchy Separator                : /
Bus Delimiter                      : <>
Case Specifier                     : Maintain
Slice Utilization Ratio            : 100
BRAM Utilization Ratio             : 100
DSP48 Utilization Ratio            : 100
Auto BRAM Packing                  : NO
Slice Utilization Ratio Delta      : 5

---- Other Options
Cores Search Directories           : {"ipcore_dir"  }

=========================================================================


=========================================================================
*                          HDL Parsing                                  *
=========================================================================
Parsing VHDL file "\\psf\home\Documents\PhD\Code\OH\ipcore_dir\fpga_clk_pll.vhd" into library work
Parsing entity <fpga_clk_pll>.
Parsing architecture <xilinx> of entity <fpga_clk_pll>.
Parsing VHDL file "\\psf\home\Documents\PhD\Code\OH\ipcore_dir\gtp_pll.vhd" into library work
Parsing entity <gtp_pll>.
Parsing architecture <xilinx> of entity <gtp_pll>.
Parsing VHDL file "\\psf\home\Documents\PhD\Code\OH\ipcore_dir\chipscope_icon.vhd" into library work
Parsing entity <chipscope_icon>.
Parsing architecture <chipscope_icon_a> of entity <chipscope_icon>.
Parsing VHDL file "\\psf\home\Documents\PhD\Code\OH\ipcore_dir\chipscope_vio.vhd" into library work
Parsing entity <chipscope_vio>.
Parsing architecture <chipscope_vio_a> of entity <chipscope_vio>.
Parsing VHDL file "\\psf\home\Documents\PhD\Code\OH\ipcore_dir\chipscope_ila.vhd" into library work
Parsing entity <chipscope_ila>.
Parsing architecture <chipscope_ila_a> of entity <chipscope_ila>.
Parsing VHDL file "\\psf\home\Documents\PhD\Code\OH\ipcore_dir\tracking_fifo.vhd" into library work
Parsing entity <tracking_fifo>.
Parsing architecture <tracking_fifo_a> of entity <tracking_fifo>.
Parsing VHDL file "\\psf\home\Documents\PhD\Code\OH\src\i2c_data.vhd" into library work
Parsing entity <i2c_data>.
Parsing architecture <behave> of entity <i2c_data>.
Parsing VHDL file "\\psf\home\Documents\PhD\Code\OH\src\i2c_ctrl.vhd" into library work
Parsing entity <i2c_ctrl>.
Parsing architecture <behave> of entity <i2c_ctrl>.
Parsing VHDL file "\\psf\home\Documents\PhD\Code\OH\src\user_package.vhd" into library work
Parsing package <user_package>.
Parsing package body <user_package>.
Parsing VHDL file "\\psf\home\Documents\PhD\Code\OH\src\i2c_master.vhd" into library work
Parsing entity <i2c_master>.
Parsing architecture <hierarchy> of entity <i2c_master>.
Parsing VHDL file "\\psf\home\Documents\PhD\Code\OH\src\vi2c_wrapper.vhd" into library work
Parsing entity <vi2c_wrapper>.
Parsing architecture <Behavioral> of entity <vi2c_wrapper>.
Parsing VHDL file "\\psf\home\Documents\PhD\Code\OH\src\tracking_readout.vhd" into library work
Parsing entity <tracking_readout>.
Parsing architecture <Behavioral> of entity <tracking_readout>.
Parsing VHDL file "\\psf\home\Documents\PhD\Code\OH\src\tracking_decoder.vhd" into library work
Parsing entity <tracking_decoder>.
Parsing architecture <Behavioral> of entity <tracking_decoder>.
Parsing VHDL file "\\psf\home\Documents\PhD\Code\OH\src\tracking_concentrator.vhd" into library work
Parsing entity <tracking_concentrator>.
Parsing architecture <Behavioral> of entity <tracking_concentrator>.
Parsing VHDL file "\\psf\home\Documents\PhD\Code\OH\ipcore_dir\s6_gtpwizard_v1_11_tile.vhd" into library work
Parsing entity <s6_gtpwizard_v1_11_tile>.
Parsing architecture <RTL> of entity <s6_gtpwizard_v1_11_tile>.
Parsing VHDL file "\\psf\home\Documents\PhD\Code\OH\src\vi2c_core.vhd" into library work
Parsing entity <vi2c_core>.
Parsing architecture <Behavioral> of entity <vi2c_core>.
Parsing VHDL file "\\psf\home\Documents\PhD\Code\OH\src\uart_rx.vhd" into library work
Parsing entity <uart_rx>.
Parsing architecture <Behavioral> of entity <uart_rx>.
Parsing VHDL file "\\psf\home\Documents\PhD\Code\OH\src\tracking_core.vhd" into library work
Parsing entity <tracking_core>.
Parsing architecture <Behavioral> of entity <tracking_core>.
Parsing VHDL file "\\psf\home\Documents\PhD\Code\OH\src\t1_encoder.vhd" into library work
Parsing entity <t1_encoder>.
Parsing architecture <Behavioral> of entity <t1_encoder>.
Parsing VHDL file "\\psf\home\Documents\PhD\Code\OH\src\registers_core.vhd" into library work
Parsing entity <registers_core>.
Parsing architecture <rtl> of entity <registers_core>.
Parsing VHDL file "\\psf\home\Documents\PhD\Code\OH\src\registers.vhd" into library work
Parsing entity <registers>.
Parsing architecture <Behavioral> of entity <registers>.
Parsing VHDL file "\\psf\home\Documents\PhD\Code\OH\src\gtp_tx_mux.vhd" into library work
Parsing entity <gtp_tx_mux>.
Parsing architecture <Behavioral> of entity <gtp_tx_mux>.
Parsing VHDL file "\\psf\home\Documents\PhD\Code\OH\src\gtp_rx_mux.vhd" into library work
Parsing entity <gtp_rx_mux>.
Parsing architecture <Behavioral> of entity <gtp_rx_mux>.
Parsing VHDL file "\\psf\home\Documents\PhD\Code\OH\src\counter.vhd" into library work
Parsing entity <counter>.
Parsing architecture <Behavioral> of entity <counter>.
Parsing VHDL file "\\psf\home\Documents\PhD\Code\OH\src\clock_bridge_strobes.vhd" into library work
Parsing entity <clock_bridge_strobes>.
Parsing architecture <behavioral> of entity <clock_bridge_strobes>.
Parsing VHDL file "\\psf\home\Documents\PhD\Code\OH\src\adc_switch.vhd" into library work
Parsing entity <adc_switch>.
Parsing architecture <Behavioral> of entity <adc_switch>.
Parsing VHDL file "\\psf\home\Documents\PhD\Code\OH\ipcore_dir\s6_gtpwizard_v1_11.vhd" into library work
Parsing entity <s6_gtpwizard_v1_11>.
Parsing architecture <RTL> of entity <s6_gtpwizard_v1_11>.
Parsing VHDL file "\\psf\home\Documents\PhD\Code\OH\src\t1_handler.vhd" into library work
Parsing entity <t1_handler>.
Parsing architecture <Behavioral> of entity <t1_handler>.
Parsing VHDL file "\\psf\home\Documents\PhD\Code\OH\src\link_tracking.vhd" into library work
Parsing entity <link_tracking>.
Parsing architecture <Behavioral> of entity <link_tracking>.
Parsing VHDL file "\\psf\home\Documents\PhD\Code\OH\src\gtp_wrapper.vhd" into library work
Parsing entity <gtp_wrapper>.
Parsing architecture <Behavioral> of entity <gtp_wrapper>.
Parsing VHDL file "\\psf\home\Documents\PhD\Code\OH\src\adc_handler.vhd" into library work
Parsing entity <adc_handler>.
Parsing architecture <Behavioral> of entity <adc_handler>.
Parsing VHDL file "\\psf\home\Documents\PhD\Code\OH\src\optohybrid_top.vhd" into library work
Parsing entity <optohybrid_top>.
Parsing architecture <Behavioral> of entity <optohybrid_top>.

=========================================================================
*                            HDL Elaboration                            *
=========================================================================

Elaborating entity <optohybrid_top> (architecture <Behavioral>) from library <work>.

Elaborating entity <fpga_clk_pll> (architecture <xilinx>) from library <work>.

Elaborating entity <gtp_wrapper> (architecture <Behavioral>) from library <work>.

Elaborating entity <gtp_pll> (architecture <xilinx>) from library <work>.

Elaborating entity <s6_gtpwizard_v1_11> (architecture <RTL>) with generics from library <work>.
WARNING:HDLCompiler:1127 - "\\psf\home\Documents\PhD\Code\OH\ipcore_dir\s6_gtpwizard_v1_11.vhd" Line 341: Assignment to tied_to_ground_i ignored, since the identifier is never used
WARNING:HDLCompiler:1127 - "\\psf\home\Documents\PhD\Code\OH\ipcore_dir\s6_gtpwizard_v1_11.vhd" Line 343: Assignment to tied_to_vcc_i ignored, since the identifier is never used

Elaborating entity <s6_gtpwizard_v1_11_tile> (architecture <RTL>) with generics from library <work>.
WARNING:HDLCompiler:1127 - "\\psf\home\Documents\PhD\Code\OH\ipcore_dir\s6_gtpwizard_v1_11_tile.vhd" Line 205: Assignment to tied_to_vcc_vec_i ignored, since the identifier is never used
WARNING:HDLCompiler:1127 - "\\psf\home\Documents\PhD\Code\OH\ipcore_dir\s6_gtpwizard_v1_11_tile.vhd" Line 547: Assignment to rxcharisk0_float_i ignored, since the identifier is never used
WARNING:HDLCompiler:1127 - "\\psf\home\Documents\PhD\Code\OH\ipcore_dir\s6_gtpwizard_v1_11_tile.vhd" Line 549: Assignment to rxcharisk1_float_i ignored, since the identifier is never used
WARNING:HDLCompiler:1127 - "\\psf\home\Documents\PhD\Code\OH\ipcore_dir\s6_gtpwizard_v1_11_tile.vhd" Line 553: Assignment to rxdisperr0_float_i ignored, since the identifier is never used
WARNING:HDLCompiler:1127 - "\\psf\home\Documents\PhD\Code\OH\ipcore_dir\s6_gtpwizard_v1_11_tile.vhd" Line 555: Assignment to rxdisperr1_float_i ignored, since the identifier is never used
WARNING:HDLCompiler:1127 - "\\psf\home\Documents\PhD\Code\OH\ipcore_dir\s6_gtpwizard_v1_11_tile.vhd" Line 557: Assignment to rxnotintable0_float_i ignored, since the identifier is never used
WARNING:HDLCompiler:1127 - "\\psf\home\Documents\PhD\Code\OH\ipcore_dir\s6_gtpwizard_v1_11_tile.vhd" Line 559: Assignment to rxnotintable1_float_i ignored, since the identifier is never used

Elaborating entity <link_tracking> (architecture <Behavioral>) from library <work>.

Elaborating entity <gtp_rx_mux> (architecture <Behavioral>) from library <work>.

Elaborating entity <gtp_tx_mux> (architecture <Behavioral>) from library <work>.

Elaborating entity <vi2c_core> (architecture <Behavioral>) from library <work>.

Elaborating entity <vi2c_wrapper> (architecture <Behavioral>) with generics from library <work>.

Elaborating entity <i2c_master> (architecture <hierarchy>) from library <work>.

Elaborating entity <i2c_data> (architecture <behave>) with generics from library <work>.

Elaborating entity <i2c_ctrl> (architecture <behave>) from library <work>.

Elaborating entity <tracking_core> (architecture <Behavioral>) from library <work>.

Elaborating entity <tracking_decoder> (architecture <Behavioral>) from library <work>.

Elaborating entity <tracking_concentrator> (architecture <Behavioral>) from library <work>.

Elaborating entity <tracking_fifo> (architecture <tracking_fifo_a>) from library <work>.

Elaborating entity <tracking_readout> (architecture <Behavioral>) from library <work>.

Elaborating entity <registers_core> (architecture <rtl>) from library <work>.

Elaborating entity <registers> (architecture <Behavioral>) with generics from library <work>.

Elaborating entity <counter> (architecture <Behavioral>) from library <work>.

Elaborating entity <chipscope_icon> (architecture <chipscope_icon_a>) from library <work>.

Elaborating entity <chipscope_vio> (architecture <chipscope_vio_a>) from library <work>.

Elaborating entity <chipscope_ila> (architecture <chipscope_ila_a>) from library <work>.
WARNING:HDLCompiler:634 - "\\psf\home\Documents\PhD\Code\OH\src\link_tracking.vhd" Line 86: Net <request_read[63][31]> does not have a driver.
WARNING:HDLCompiler:634 - "\\psf\home\Documents\PhD\Code\OH\src\link_tracking.vhd" Line 114: Net <cs_in[31]> does not have a driver.

Elaborating entity <t1_handler> (architecture <Behavioral>) from library <work>.

Elaborating entity <clock_bridge_strobes> (architecture <behavioral>) from library <work>.

Elaborating entity <t1_encoder> (architecture <Behavioral>) from library <work>.

Elaborating entity <adc_handler> (architecture <Behavioral>) from library <work>.

Elaborating entity <uart_rx> (architecture <Behavioral>) from library <work>.

Elaborating entity <adc_switch> (architecture <Behavioral>) from library <work>.
WARNING:HDLCompiler:634 - "\\psf\home\Documents\PhD\Code\OH\src\adc_switch.vhd" Line 23: Net <data[1][31]> does not have a driver.
ERROR:HDLCompiler:821 - "\\psf\home\Documents\PhD\Code\OH\src\optohybrid_top.vhd" Line 351: Target slice is 8 elements ; value is 10 elements
Netlist optohybrid_top(Behavioral) remains a blackbox, due to errors in its contents
--> 

Total memory usage is 222872 kilobytes

Number of errors   :    1 (   0 filtered)
Number of warnings :   12 (   0 filtered)
Number of infos    :    0 (   0 filtered)

