--------------------------------------------------------------------------------
Release 14.7 Trace  (nt64)
Copyright (c) 1995-2013 Xilinx, Inc.  All rights reserved.

C:\Xilinx\14.7\ISE_DS\ISE\bin\nt64\unwrapped\trce.exe -intstyle ise -v 3 -s 1
-n 3 -fastpaths -xml optohybrid_top.twx optohybrid_top.ncd -o
optohybrid_top.twr optohybrid_top.pcf

Design file:              optohybrid_top.ncd
Physical constraint file: optohybrid_top.pcf
Device,package,speed:     xc6vlx130t,ff1156,C,-1 (PRODUCTION 1.17 2013-10-13)
Report level:             verbose report

Environment Variable      Effect 
--------------------      ------ 
NONE                      No environment variables were set
--------------------------------------------------------------------------------

INFO:Timing:2698 - No timing constraints found, doing default enumeration.
INFO:Timing:3412 - To improve timing, see the Timing Closure User Guide (UG612).
INFO:Timing:2752 - To get complete path coverage, use the unconstrained paths 
   option. All paths that are not constrained will be reported in the 
   unconstrained paths section(s) of the report.
INFO:Timing:3339 - The clock-to-out numbers in this timing report are based on 
   a 50 Ohm transmission line loading model.  For the details of this model, 
   and for more information on accounting for different loading conditions, 
   please see the device datasheet.



Data Sheet report:
-----------------
All values displayed in nanoseconds (ns)

Setup/Hold to clock clk_50MHz_i
---------------------+------------+------------+------------+------------+------------------+--------+
                     |Max Setup to|  Process   |Max Hold to |  Process   |                  | Clock  |
Source               | clk (edge) |   Corner   | clk (edge) |   Corner   |Internal Clock(s) | Phase  |
---------------------+------------+------------+------------+------------+------------------+--------+
vfat2_0_data_out_n_i |    5.332(R)|      SLOW  |   -2.635(R)|      FAST  |clk_40MHz         |   0.000|
vfat2_0_data_out_p_i |    5.332(R)|      SLOW  |   -2.635(R)|      FAST  |clk_40MHz         |   0.000|
vfat2_1_data_out_n_i |    4.924(R)|      SLOW  |   -2.628(R)|      FAST  |clk_40MHz         |   0.000|
vfat2_1_data_out_p_i |    4.924(R)|      SLOW  |   -2.628(R)|      FAST  |clk_40MHz         |   0.000|
vfat2_2_data_out_n_i |    5.319(R)|      SLOW  |   -2.643(R)|      FAST  |clk_40MHz         |   0.000|
vfat2_2_data_out_p_i |    5.319(R)|      SLOW  |   -2.643(R)|      FAST  |clk_40MHz         |   0.000|
vfat2_3_data_out_n_i |    3.045(R)|      SLOW  |   -1.458(R)|      FAST  |clk_40MHz         |   0.000|
vfat2_3_data_out_p_i |    3.045(R)|      SLOW  |   -1.458(R)|      FAST  |clk_40MHz         |   0.000|
vfat2_4_data_out_n_i |    4.899(R)|      SLOW  |   -2.559(R)|      FAST  |clk_40MHz         |   0.000|
vfat2_4_data_out_p_i |    4.899(R)|      SLOW  |   -2.559(R)|      FAST  |clk_40MHz         |   0.000|
vfat2_5_data_out_n_i |    5.023(R)|      SLOW  |   -2.602(R)|      FAST  |clk_40MHz         |   0.000|
vfat2_5_data_out_p_i |    5.023(R)|      SLOW  |   -2.602(R)|      FAST  |clk_40MHz         |   0.000|
vfat2_6_data_out_n_i |    5.088(R)|      SLOW  |   -2.538(R)|      FAST  |clk_40MHz         |   0.000|
vfat2_6_data_out_p_i |    5.088(R)|      SLOW  |   -2.538(R)|      FAST  |clk_40MHz         |   0.000|
vfat2_7_data_out_n_i |    6.309(R)|      SLOW  |   -3.055(R)|      FAST  |clk_40MHz         |   0.000|
vfat2_7_data_out_p_i |    6.309(R)|      SLOW  |   -3.055(R)|      FAST  |clk_40MHz         |   0.000|
vfat2_8_data_out_n_i |    3.399(R)|      SLOW  |   -1.628(R)|      FAST  |clk_40MHz         |   0.000|
vfat2_8_data_out_p_i |    3.399(R)|      SLOW  |   -1.628(R)|      FAST  |clk_40MHz         |   0.000|
vfat2_9_data_out_n_i |    5.997(R)|      SLOW  |   -2.999(R)|      FAST  |clk_40MHz         |   0.000|
vfat2_9_data_out_p_i |    5.997(R)|      SLOW  |   -2.999(R)|      FAST  |clk_40MHz         |   0.000|
vfat2_10_data_out_n_i|    4.024(R)|      SLOW  |   -1.932(R)|      FAST  |clk_40MHz         |   0.000|
vfat2_10_data_out_p_i|    4.024(R)|      SLOW  |   -1.932(R)|      FAST  |clk_40MHz         |   0.000|
vfat2_11_data_out_n_i|    4.972(R)|      SLOW  |   -2.366(R)|      FAST  |clk_40MHz         |   0.000|
vfat2_11_data_out_p_i|    4.972(R)|      SLOW  |   -2.366(R)|      FAST  |clk_40MHz         |   0.000|
vfat2_12_data_out_n_i|    4.174(R)|      SLOW  |   -1.964(R)|      FAST  |clk_40MHz         |   0.000|
vfat2_12_data_out_p_i|    4.174(R)|      SLOW  |   -1.964(R)|      FAST  |clk_40MHz         |   0.000|
vfat2_13_data_out_n_i|    5.962(R)|      SLOW  |   -3.021(R)|      FAST  |clk_40MHz         |   0.000|
vfat2_13_data_out_p_i|    5.962(R)|      SLOW  |   -3.021(R)|      FAST  |clk_40MHz         |   0.000|
vfat2_14_data_out_n_i|    4.966(R)|      SLOW  |   -2.541(R)|      FAST  |clk_40MHz         |   0.000|
vfat2_14_data_out_p_i|    4.966(R)|      SLOW  |   -2.541(R)|      FAST  |clk_40MHz         |   0.000|
vfat2_15_data_out_n_i|    6.298(R)|      SLOW  |   -2.821(R)|      FAST  |clk_40MHz         |   0.000|
vfat2_15_data_out_p_i|    6.298(R)|      SLOW  |   -2.821(R)|      FAST  |clk_40MHz         |   0.000|
vfat2_16_data_out_n_i|    6.172(R)|      SLOW  |   -2.812(R)|      FAST  |clk_40MHz         |   0.000|
vfat2_16_data_out_p_i|    6.172(R)|      SLOW  |   -2.812(R)|      FAST  |clk_40MHz         |   0.000|
vfat2_17_data_out_n_i|    7.298(R)|      SLOW  |   -3.462(R)|      FAST  |clk_40MHz         |   0.000|
vfat2_17_data_out_p_i|    7.298(R)|      SLOW  |   -3.462(R)|      FAST  |clk_40MHz         |   0.000|
vfat2_18_data_out_n_i|    5.478(R)|      SLOW  |   -2.618(R)|      FAST  |clk_40MHz         |   0.000|
vfat2_18_data_out_p_i|    5.478(R)|      SLOW  |   -2.618(R)|      FAST  |clk_40MHz         |   0.000|
vfat2_19_data_out_n_i|    6.432(R)|      SLOW  |   -2.954(R)|      FAST  |clk_40MHz         |   0.000|
vfat2_19_data_out_p_i|    6.432(R)|      SLOW  |   -2.954(R)|      FAST  |clk_40MHz         |   0.000|
vfat2_20_data_out_n_i|    7.305(R)|      SLOW  |   -3.450(R)|      FAST  |clk_40MHz         |   0.000|
vfat2_20_data_out_p_i|    7.305(R)|      SLOW  |   -3.450(R)|      FAST  |clk_40MHz         |   0.000|
vfat2_21_data_out_n_i|    6.883(R)|      SLOW  |   -3.371(R)|      FAST  |clk_40MHz         |   0.000|
vfat2_21_data_out_p_i|    6.883(R)|      SLOW  |   -3.371(R)|      FAST  |clk_40MHz         |   0.000|
vfat2_22_data_out_n_i|    7.586(R)|      SLOW  |   -3.370(R)|      FAST  |clk_40MHz         |   0.000|
vfat2_22_data_out_p_i|    7.586(R)|      SLOW  |   -3.370(R)|      FAST  |clk_40MHz         |   0.000|
vfat2_23_data_out_n_i|    6.531(R)|      SLOW  |   -2.909(R)|      FAST  |clk_40MHz         |   0.000|
vfat2_23_data_out_p_i|    6.531(R)|      SLOW  |   -2.909(R)|      FAST  |clk_40MHz         |   0.000|
---------------------+------------+------------+------------+------------+------------------+--------+

Clock clk_50MHz_i to Pad
-----------------+-----------------+------------+-----------------+------------+------------------+--------+
                 |Max (slowest) clk|  Process   |Min (fastest) clk|  Process   |                  | Clock  |
Destination      |  (edge) to PAD  |   Corner   |  (edge) to PAD  |   Corner   |Internal Clock(s) | Phase  |
-----------------+-----------------+------------+-----------------+------------+------------------+--------+
vfat2_mclk_n_o<0>|         1.862(R)|      SLOW  |         0.815(R)|      FAST  |clk_40MHz         |   0.000|
                 |         1.862(F)|      SLOW  |         0.815(F)|      FAST  |clk_40MHz         |   0.000|
vfat2_mclk_n_o<1>|         1.945(R)|      SLOW  |         0.823(R)|      FAST  |clk_40MHz         |   0.000|
                 |         1.945(F)|      SLOW  |         0.823(F)|      FAST  |clk_40MHz         |   0.000|
vfat2_mclk_n_o<2>|         2.026(R)|      SLOW  |         0.853(R)|      FAST  |clk_40MHz         |   0.000|
                 |         2.026(F)|      SLOW  |         0.853(F)|      FAST  |clk_40MHz         |   0.000|
vfat2_mclk_p_o<0>|         1.861(R)|      SLOW  |         0.814(R)|      FAST  |clk_40MHz         |   0.000|
                 |         1.861(F)|      SLOW  |         0.814(F)|      FAST  |clk_40MHz         |   0.000|
vfat2_mclk_p_o<1>|         1.944(R)|      SLOW  |         0.822(R)|      FAST  |clk_40MHz         |   0.000|
                 |         1.944(F)|      SLOW  |         0.822(F)|      FAST  |clk_40MHz         |   0.000|
vfat2_mclk_p_o<2>|         2.025(R)|      SLOW  |         0.852(R)|      FAST  |clk_40MHz         |   0.000|
                 |         2.025(F)|      SLOW  |         0.852(F)|      FAST  |clk_40MHz         |   0.000|
vfat2_t1_n_o<0>  |         8.852(R)|      SLOW  |         3.976(R)|      FAST  |clk_40MHz         |   0.000|
vfat2_t1_n_o<1>  |        12.456(R)|      SLOW  |         5.737(R)|      FAST  |clk_40MHz         |   0.000|
vfat2_t1_n_o<2>  |         8.245(R)|      SLOW  |         3.541(R)|      FAST  |clk_40MHz         |   0.000|
vfat2_t1_p_o<0>  |         8.851(R)|      SLOW  |         3.975(R)|      FAST  |clk_40MHz         |   0.000|
vfat2_t1_p_o<1>  |        12.455(R)|      SLOW  |         5.736(R)|      FAST  |clk_40MHz         |   0.000|
vfat2_t1_p_o<2>  |         8.244(R)|      SLOW  |         3.540(R)|      FAST  |clk_40MHz         |   0.000|
-----------------+-----------------+------------+-----------------+------------+------------------+--------+

Clock to Setup on destination clock clk_50MHz_i
---------------+---------+---------+---------+---------+
               | Src:Rise| Src:Fall| Src:Rise| Src:Fall|
Source Clock   |Dest:Rise|Dest:Rise|Dest:Fall|Dest:Fall|
---------------+---------+---------+---------+---------+
clk_50MHz_i    |   15.290|         |         |         |
---------------+---------+---------+---------+---------+

Pad to Pad
---------------+---------------+---------+
Source Pad     |Destination Pad|  Delay  |
---------------+---------------+---------+
clk_50MHz_i    |cdce_pri_n_o   |    2.557|
clk_50MHz_i    |cdce_pri_p_o   |    2.556|
---------------+---------------+---------+


Analysis completed Wed Jul 15 15:33:21 2015 
--------------------------------------------------------------------------------

Trace Settings:
-------------------------
Trace Settings 

Peak Memory Usage: 850 MB



